// Vitest Snapshot v1

exports[`Frame.vue > match snapshot 1`] = `"<div></div>"`;
