// Jest Snapshot v1, https://goo.gl/fbAQLP

exports[`App.vue match snapshot 1`] = `
<v-app-bar-stub tag="header" dense="true" extensionheight="48" src="" value="true" app="true" clippedleft="true" class="primary on-primary--text">
  <v-app-bar-nav-icon-stub class="d-lg-none on-primary--text"></v-app-bar-nav-icon-stub>
  <v-toolbar-title-stub>
    <router-link-stub to="/" tag="a" ariacurrentvalue="page" event="click" style="text-decoration: none;">Toolbar Title</router-link-stub>
  </v-toolbar-title-stub>
  <v-spacer-stub></v-spacer-stub>
  <search-window-stub class="d-none d-sm-flex"></search-window-stub>
  <v-spacer-stub></v-spacer-stub>
  <user-menu-button-stub></user-menu-button-stub>
</v-app-bar-stub>
`;
