// Vitest Snapshot v1

exports[`one > match snapshot 1`] = `
"<vuecomponent-stub tag=\\"header\\" dense=\\"true\\" extensionheight=\\"48\\" src=\\"\\" value=\\"true\\" app=\\"true\\" clippedleft=\\"true\\" class=\\"primary on-primary--text\\">
  <vuecomponent-stub class=\\"d-lg-none on-primary--text\\"></vuecomponent-stub>
  <vuecomponent-stub tag=\\"div\\">
    <router-link-stub to=\\"/\\" tag=\\"a\\" ariacurrentvalue=\\"page\\" event=\\"click\\" style=\\"text-decoration: none;\\"></router-link-stub>
  </vuecomponent-stub>
  <vuecomponent-stub tag=\\"div\\"></vuecomponent-stub>
  <searchwindow-stub class=\\"d-none d-sm-flex\\"></searchwindow-stub>
  <vuecomponent-stub tag=\\"div\\"></vuecomponent-stub>
  <usermenubutton-stub></usermenubutton-stub>
</vuecomponent-stub>"
`;
