// Jest Snapshot v1, https://goo.gl/fbAQLP

exports[`Frame.vue match snapshot 1`] = `<div></div>`;
