// Jest Snapshot v1, https://goo.gl/fbAQLP

exports[`ProductItemCard.vue match snapshot 1`] = `
<div class="product-item-card" style="position: relative;">
  <div class="v-card v-card--hover v-card--outlined v-sheet theme--light" style="max-width: 980px;">
    <div class="" style="cursor: default;">
      <div class="container pa-0 container--fluid">
        <div class="row ma-0 px-0">
          <div class="py-2 col-md-4 col-9 order-1">
            <div class="caption grey--text">Name</div>
            <div class="font-weight-bold primary--text"><span><a href="/map/item/lat20200201" class="">lat20200201</a></span></div>
          </div>
          <div class="py-2 col-md-3 col-6 order-3">
            <div class="caption grey--text">Date produced</div>
            <div>2020-02-01</div>
          </div>
          <div class="py-2 col-md-2 col-6 order-4">
            <div class="caption grey--text">Produced by</div>
            <div>pwg-pmn</div>
          </div>
          <div class="py-2 order-md-5 col col-3 order-2 align-self-center">
            <div class="row px-1 py-0 align-start justify-end">
              <!----> <span><button type="button" class="v-btn v-btn--flat v-btn--icon v-btn--round theme--light v-size--default"><span class="v-btn__content"><i aria-hidden="true" class="v-icon notranslate mdi mdi-dots-vertical theme--light"></i></span></button>
              <div class="v-menu">
                <!---->
              </div>
              </span>
            </div>
          </div>
        </div>
        <div class="row mx-0 px-0 collapsible">
          <div class="py-2 col-md-4 col-12">
            <div class="caption grey--text">Contact</div>
            <div>pwg-pmn</div>
          </div>
          <div class="py-2 col-md-3 col-6">
            <div class="caption grey--text">Date posted</div>
            <div>2020-02-01</div>
          </div>
          <div class="py-2 col-md-5 col-6">
            <div class="caption grey--text">Posted by</div>
            <div>pwg-pmn</div>
          </div>
          <div class="py-2 col-md-3 offset-md-4 col-6">
            <div class="caption grey--text">Date updated</div>
            <div>2020-02-01</div>
          </div>
          <div class="py-2 col-md-5 col-6">
            <div class="caption grey--text">Updated by</div>
            <div>pwg-pmn</div>
          </div>
          <div class="py-2 col-md-8 offset-md-4 col-12">
            <div class="caption grey--text">Paths</div>
            <ul>
              <li>nersc:/go/to/my/maps_v3</li>
            </ul>
          </div>
          <div class="py-2 col-md-8 offset-md-4 col-12">
            <div class="caption grey--text">Relations</div>
            <div>
              <div><span class="subtitle-2 grey--text">child: </span> <span class="font-weight-bold primary--text"><a href="/beam/item/20200207" class="">20200207</a></span>
                (beam)
              </div>
            </div>
          </div>
          <div class="py-2 col col-12">
            <div class="row">
              <div class="py-0 col-md-4 order-md-0 col-12 order-2 align-self-end"><span class="grey--text" style="font-size: 65%;">Data ID: </span></div>
              <div class="py-0 col-md-8 col-12 order-1">
                <div class="caption grey--text">Note</div>
                <div>
                  <ul>
                    <li>This is a dummy test with a lat map</li>
                    <li>A beam depends on this map</li>
                  </ul>
                </div>
              </div>
            </div>
          </div>
        </div>
      </div>
    </div>
  </div>
  <div><button type="button" class="v-btn v-btn--absolute v-btn--flat v-btn--icon v-btn--round theme--light v-size--default" style="top: -15px; right: -10px;"><span class="v-btn__content"><i aria-hidden="true" class="v-icon notranslate mdi mdi-nut theme--light grey--text text--lighten-1" style="font-size: 12px;"></i></span></button>
    <div class="v-menu">
      <!---->
    </div>
  </div>
</div>
`;
