// Jest Snapshot v1, https://goo.gl/fbAQLP

exports[`OAuthRedirect.vue match snapshot 1`] = `
<div class="g-container">
  <v-progress-circular-stub color="secondary" indeterminate="true" rotate="0" size="18" width="3" value="0"></v-progress-circular-stub>
</div>
`;
