// Jest Snapshot v1, https://goo.gl/fbAQLP

exports[`OAuthRedirect.vue match snapshot 1`] = `
<div class="container container--fluid fill-height">
  <div class="row align-center justify-center">
    <div role="progressbar" aria-valuemin="0" aria-valuemax="100" class="v-progress-circular v-progress-circular--visible v-progress-circular--indeterminate secondary--text" style="height: 18px; width: 18px;"><svg xmlns="http://www.w3.org/2000/svg" viewBox="24 24 48 48" style="transform: rotate(0deg);">
        <circle fill="transparent" cx="48" cy="48" r="20" stroke-width="8" stroke-dasharray="125.664" stroke-dashoffset="125.66370614359172px" class="v-progress-circular__overlay"></circle>
      </svg>
      <div class="v-progress-circular__info"></div>
    </div>
  </div>
</div>
`;
