// Jest Snapshot v1, https://goo.gl/fbAQLP

exports[`ProductList.vue match snapshot 1`] = `
<div class="product-list" style="position: relative;">
  <div><button type="button" class="v-btn v-btn--absolute v-btn--flat v-btn--icon v-btn--round theme--light v-size--default" style="top: -15px; right: -10px;"><span class="v-btn__content"><i aria-hidden="true" class="v-icon notranslate mdi mdi-nut theme--light grey--text text--lighten-1" style="font-size: 12px;"></i></span></button>
    <div class="v-menu">
      <!---->
    </div>
  </div>
  <div>
    <div class="container pa-0 container--fluid">
      <div class="row ma-0 px-0 pt-3 pb-1 align-start justify-end" style="max-width: 980px;"><button type="button" class="v-btn v-btn--flat v-btn--icon v-btn--round theme--light v-size--default"><span class="v-btn__content"><i aria-hidden="true" class="v-icon notranslate mdi mdi-refresh theme--light"></i></span></button><span class="v-tooltip v-tooltip--bottom"><!----></span>
        <div class="spacer"></div> <span class="v-tooltip v-tooltip--bottom"><!----></span><button type="button" class="v-btn v-btn--flat v-btn--icon v-btn--round theme--light v-size--default"><span class="v-btn__content"><i aria-hidden="true" class="v-icon notranslate mdi mdi-unfold-more-horizontal theme--light"></i></span></button>
        <div role="dialog" class="v-dialog__container">
          <!---->
        </div><span class="v-tooltip v-tooltip--bottom"><!----></span><button type="button" class="v-btn v-btn--flat v-btn--icon v-btn--round theme--light v-size--default"><span class="v-btn__content"><i aria-hidden="true" class="v-icon notranslate mdi mdi-plus-thick theme--light"></i></span></button>
      </div>
    </div>
    <div>
      <transition-group-stub name="fade" tag="div" class="list-group">
        <productitemcard-stub productid="1013" collapsed="true" collapsible="true" class="my-1"></productitemcard-stub>
        <productitemcard-stub productid="1012" collapsed="true" collapsible="true" class="my-1"></productitemcard-stub>
        <productitemcard-stub productid="1001" collapsed="true" collapsible="true" class="my-1"></productitemcard-stub>
      </transition-group-stub>
    </div>
  </div>
</div>
`;
