// Jest Snapshot v1, https://goo.gl/fbAQLP

exports[`VTextFieldWithDatePicker.vue match snapshot 1`] = `
<div class="v-menu">
  <div class="v-input v-input--is-label-active v-input--is-dirty theme--light v-text-field">
    <div class="v-input__control">
      <div class="v-input__slot">
        <div class="v-text-field__slot"><label for="input-3" class="v-label v-label--active theme--light" style="left: 0px; position: absolute;">Date produced</label><input id="input-3" type="text"></div>
      </div>
      <div class="v-text-field__details">
        <div class="v-messages theme--light">
          <transition-group-stub tag="div" name="message-transition" class="v-messages__wrapper"></transition-group-stub>
        </div>
      </div>
    </div>
  </div>
  <transition-stub name="scale-transition"></transition-stub>
</div>
`;
